// Jest Snapshot v1, https://goo.gl/fbAQLP

exports[`App renders properly 1`] = `
ShallowWrapper {
  "length": 1,
  Symbol(enzyme.__root__): [Circular],
  Symbol(enzyme.__unrendered__): <App />,
  Symbol(enzyme.__renderer__): Object {
    "batchedUpdates": [Function],
    "getNode": [Function],
    "render": [Function],
    "simulateEvent": [Function],
    "unmount": [Function],
  },
  Symbol(enzyme.__node__): Object {
    "instance": null,
    "key": undefined,
    "nodeType": "host",
    "props": Object {
      "children": Array [
        <BrowserRouter>
          <Switch>
                    <PublicRoute
                              component={[Function]}
                              path="/login"
                              user={undefined}
                    />
                    <PrivateRoute
                              component={[Function]}
                              path="/home"
                              user={undefined}
                    />
                    <Route
                              exact={true}
                              path="/"
                              render={[Function]}
                    />
                    <Route
                              component={[Function]}
                              exact={true}
                              path="*"
                    />
          </Switch>
</BrowserRouter>,
        <Connect(Toast) />,
      ],
    },
    "ref": null,
    "rendered": Array [
      Object {
        "instance": null,
        "key": undefined,
        "nodeType": "class",
        "props": Object {
          "children": <Switch>
            <PublicRoute
                        component={[Function]}
                        path="/login"
                        user={undefined}
            />
            <PrivateRoute
                        component={[Function]}
                        path="/home"
                        user={undefined}
            />
            <Route
                        exact={true}
                        path="/"
                        render={[Function]}
            />
            <Route
                        component={[Function]}
                        exact={true}
                        path="*"
            />
</Switch>,
        },
        "ref": null,
        "rendered": Object {
          "instance": null,
          "key": undefined,
          "nodeType": "class",
          "props": Object {
            "children": Array [
              <PublicRoute
                component={[Function]}
                path="/login"
                user={undefined}
/>,
              <PrivateRoute
                component={[Function]}
                path="/home"
                user={undefined}
/>,
              <Route
                exact={true}
                path="/"
                render={[Function]}
/>,
              <Route
                component={[Function]}
                exact={true}
                path="*"
/>,
            ],
          },
          "ref": null,
          "rendered": Array [
            Object {
              "instance": null,
              "key": undefined,
              "nodeType": "function",
              "props": Object {
                "component": [Function],
                "path": "/login",
                "user": undefined,
              },
              "ref": null,
              "rendered": null,
              "type": [Function],
            },
            Object {
              "instance": null,
              "key": undefined,
              "nodeType": "function",
              "props": Object {
                "component": [Function],
                "path": "/home",
                "user": undefined,
              },
              "ref": null,
              "rendered": null,
              "type": [Function],
            },
            Object {
              "instance": null,
              "key": undefined,
              "nodeType": "class",
              "props": Object {
                "exact": true,
                "path": "/",
                "render": [Function],
              },
              "ref": null,
              "rendered": null,
              "type": [Function],
            },
            Object {
              "instance": null,
              "key": undefined,
              "nodeType": "class",
              "props": Object {
                "component": [Function],
                "exact": true,
                "path": "*",
              },
              "ref": null,
              "rendered": null,
              "type": [Function],
            },
          ],
          "type": [Function],
        },
        "type": [Function],
      },
      Object {
        "instance": null,
        "key": undefined,
        "nodeType": "class",
        "props": Object {},
        "ref": null,
        "rendered": null,
        "type": [Function],
      },
    ],
    "type": "div",
  },
  Symbol(enzyme.__nodes__): Array [
    Object {
      "instance": null,
      "key": undefined,
      "nodeType": "host",
      "props": Object {
        "children": Array [
          <BrowserRouter>
            <Switch>
                        <PublicRoute
                                    component={[Function]}
                                    path="/login"
                                    user={undefined}
                        />
                        <PrivateRoute
                                    component={[Function]}
                                    path="/home"
                                    user={undefined}
                        />
                        <Route
                                    exact={true}
                                    path="/"
                                    render={[Function]}
                        />
                        <Route
                                    component={[Function]}
                                    exact={true}
                                    path="*"
                        />
            </Switch>
</BrowserRouter>,
          <Connect(Toast) />,
        ],
      },
      "ref": null,
      "rendered": Array [
        Object {
          "instance": null,
          "key": undefined,
          "nodeType": "class",
          "props": Object {
            "children": <Switch>
              <PublicRoute
                            component={[Function]}
                            path="/login"
                            user={undefined}
              />
              <PrivateRoute
                            component={[Function]}
                            path="/home"
                            user={undefined}
              />
              <Route
                            exact={true}
                            path="/"
                            render={[Function]}
              />
              <Route
                            component={[Function]}
                            exact={true}
                            path="*"
              />
</Switch>,
          },
          "ref": null,
          "rendered": Object {
            "instance": null,
            "key": undefined,
            "nodeType": "class",
            "props": Object {
              "children": Array [
                <PublicRoute
                  component={[Function]}
                  path="/login"
                  user={undefined}
/>,
                <PrivateRoute
                  component={[Function]}
                  path="/home"
                  user={undefined}
/>,
                <Route
                  exact={true}
                  path="/"
                  render={[Function]}
/>,
                <Route
                  component={[Function]}
                  exact={true}
                  path="*"
/>,
              ],
            },
            "ref": null,
            "rendered": Array [
              Object {
                "instance": null,
                "key": undefined,
                "nodeType": "function",
                "props": Object {
                  "component": [Function],
                  "path": "/login",
                  "user": undefined,
                },
                "ref": null,
                "rendered": null,
                "type": [Function],
              },
              Object {
                "instance": null,
                "key": undefined,
                "nodeType": "function",
                "props": Object {
                  "component": [Function],
                  "path": "/home",
                  "user": undefined,
                },
                "ref": null,
                "rendered": null,
                "type": [Function],
              },
              Object {
                "instance": null,
                "key": undefined,
                "nodeType": "class",
                "props": Object {
                  "exact": true,
                  "path": "/",
                  "render": [Function],
                },
                "ref": null,
                "rendered": null,
                "type": [Function],
              },
              Object {
                "instance": null,
                "key": undefined,
                "nodeType": "class",
                "props": Object {
                  "component": [Function],
                  "exact": true,
                  "path": "*",
                },
                "ref": null,
                "rendered": null,
                "type": [Function],
              },
            ],
            "type": [Function],
          },
          "type": [Function],
        },
        Object {
          "instance": null,
          "key": undefined,
          "nodeType": "class",
          "props": Object {},
          "ref": null,
          "rendered": null,
          "type": [Function],
        },
      ],
      "type": "div",
    },
  ],
  Symbol(enzyme.__options__): Object {
    "adapter": ReactSixteenAdapter {
      "options": Object {
        "enableComponentDidUpdateOnSetState": true,
      },
    },
  },
}
`;
